// Jest Snapshot v1, https://goo.gl/fbAQLP

exports[`<Footer /> should render and match the snapshot 1`] = `
<footer
  className="Wrapper-wcfdfo-0 gkRjxJ"
>
  <section>
    This project is licensed under the MIT license.
  </section>
  <section>
    <div
      className="Wrapper-xnjoq9-0 jdNcyG"
    >
      <select
        className="Select-sc-1sm01tk-0 UGvsg"
        onChange={[Function]}
        value="en"
      >
        <option
          value="en"
        >
          en
        </option>
        <option
          value="de"
        >
          de
        </option>
      </select>
    </div>
  </section>
  <section>

      Made with love by
      <a
        className="A-br8h0y-0 keMyW"
        href="https://twitter.com/mxstbr"
      >
        Max Stoiber
      </a>
      .

  </section>
</footer>
`;
